This is pdfTeX, Version 3.141592653-2.6-1.40.22 (TeX Live 2021/Arch Linux) (preloaded format=latex 2021.10.30)  30 OCT 2021 23:35
entering extended mode
 restricted \write18 enabled.
 %&-line parsing enabled.
**latex/test.tex
(./latex/test.tex
LaTeX2e <2020-10-01> patch level 4
L3 programming layer <2021-02-18>
(/usr/share/texmf-dist/tex/latex/base/article.cls
Document Class: article 2020/04/10 v1.4m Standard LaTeX document class
(/usr/share/texmf-dist/tex/latex/base/size12.clo
File: size12.clo 2020/04/10 v1.4m Standard LaTeX file (size option)
)
\c@part=\count179
\c@section=\count180
\c@subsection=\count181
\c@subsubsection=\count182
\c@paragraph=\count183
\c@subparagraph=\count184
\c@figure=\count185
\c@table=\count186
\abovecaptionskip=\skip47
\belowcaptionskip=\skip48
\bibindent=\dimen138
)

! LaTeX Error: File `lingmacros.sty' not found.

Type X to quit or <RETURN> to proceed,
or enter new name. (Default extension: sty)

Enter file name: test1

! LaTeX Error: File `test1.sty' not found.

Type X to quit or <RETURN> to proceed,
or enter new name. (Default extension: sty)

Enter file name: X

! Emergency stop.
<read *> 
         
l.3 \usepackage
               {tree-dvips}
*** (cannot \read from terminal in nonstop modes)

 
Here is how much of TeX's memory you used:
 222 strings out of 478995
 2521 string characters out of 5864776
 285562 words of memory out of 5000000
 17795 multiletter control sequences out of 15000+600000
 403728 words of font info for 28 fonts, out of 8000000 for 9000
 1141 hyphenation exceptions out of 8191
 44i,0n,50p,150b,36s stack positions out of 5000i,500n,10000p,200000b,80000s
No pages of output.
